[msrit.edu/index.html]
[backblue.gif]
[fade.gif]
[index.html]
[msrit.edu/css/bootstrap.min.css]
[msrit.edu/css/font-awesome.min.css]
[msrit.edu/css/superfish.css]
[msrit.edu/css/owl.carousel.css]
[msrit.edu/css/owl.theme.css]
[msrit.edu/css/jquery.navgoco.css]
[msrit.edu/style.css]
[msrit.edu/custom.css]
[msrit.edu/css/responsive.css]
[msrit.edu/css/modified.css]
[msrit.edu/css/magnific-popup.css]
[msrit.edu/css/jquery-ui-1.10.3.custom.css]
[msrit.edu/js/modernizr.custom.js]
[msrit.edu/img/favicon.ico]
[msrit.edu/msr100.jpg]
[msrit.edu/admissions.html]
[msrit.edu/index-2.html]
[msrit.edu/news.html]
[msrit.edu/events.html]
[msrit.edu/governance.html]
[msrit.edu/images/icons/circle.png]
[msrit.edu/support/proctorial-system.html]
[msrit.edu/images/icons/explore.png]
[msrit.edu/images/icons/apply.png]
[msrit.edu/placement.html]
[msrit.edu/images/icons/placement.png]
[msrit.edu/examination.html]
[msrit.edu/images/icons/academics.png]
[msrit.edu/js/jquery-1.11.1.min.js]
[msrit.edu/js/bootstrap.min.js]
[msrit.edu/js/custom.js]
[msrit.edu/js/nav-footer.js]
[msrit.edu/js/sheetrock.js]
[msrit.edu/js/events.js]
[msrit.edu/js/index-gallery.js]
[msrit.edu/js/virtual-tour.js]
[msrit.edu/index.html]
[msrit.edu/fonts/glyphicons-halflings-regular.eot]
[msrit.edu/fonts/glyphicons-halflings-regulard41d.eot]
[msrit.edu/fonts/glyphicons-halflings-regular.woff]
[msrit.edu/fonts/glyphicons-halflings-regular.ttf]
[msrit.edu/css/bootstrap.min.css]
[msrit.edu/fonts/glyphicons-halflings-regular.svg]
[msrit.edu/fonts/fontawesome-webfonte0a5.eot]
[msrit.edu/fonts/fontawesome-webfontd41d.eot]
[msrit.edu/fonts/fontawesome-webfonte0a5.woff2]
[msrit.edu/fonts/fontawesome-webfonte0a5.woff]
[msrit.edu/fonts/fontawesome-webfonte0a5.ttf]
[msrit.edu/css/font-awesome.min.css]
[msrit.edu/fonts/fontawesome-webfonte0a5.svg]
[msrit.edu/css/superfish.css]
[msrit.edu/css/owl.carousel.css]
[msrit.edu/css/owl.theme.css]
[msrit.edu/css/jquery.navgoco.css]
[msrit.edu/fonts/gotham/Gotham-Black_0.otf]
[msrit.edu/fonts/gotham/Gotham-Bold_6.otf]
[msrit.edu/fonts/gotham/Gotham-BoldItalic.otf]
[msrit.edu/fonts/gotham/Gotham-Book_1.otf]
[msrit.edu/fonts/gotham/Gotham-BookIta_0.otf]
[msrit.edu/fonts/gotham/Gotham-LightIta_0.otf]
[msrit.edu/fonts/gotham/Gotham-Medium.ttf]
[msrit.edu/fonts/gotham/Gotham-Medium_5.otf]
[msrit.edu/fonts/gotham/Gotham-MediumIta_0.otf]
[msrit.edu/fonts/gotham/Gotham-ThinIta_0.otf]
[msrit.edu/fonts/gotham/Gotham-Ultra_0.otf]
[msrit.edu/fonts/gotham/Gotham-UltraIta_0.otf]
[msrit.edu/fonts/gotham/Gotham-XLight_0.otf]
[msrit.edu/fonts/gotham/Gotham-XLightItalic_0.otf]
[msrit.edu/fonts/gotham/Gotham-XLightIta_0.otf]
[msrit.edu/img/ramaiah-header-astric.jpg]
[msrit.edu/img/ram.png]
[msrit.edu/style.css]
[msrit.edu/custom.css]
[msrit.edu/css/responsive.css]
[msrit.edu/css/modified.css]
[msrit.edu/css/magnific-popup.css]
[msrit.edu/css/jquery-ui-1.10.3.custom.css]
[msrit.edu/img/apple-touch-icon.html]
[msrit.edu/img/apple-touch-icon-72x72.html]
[msrit.edu/img/apple-touch-icon-114x114.html]
[msrit.edu/css/bootstrap.css]
[msrit.edu/css/custom-list.css]
[msrit.edu/admissions.html]
[msrit.edu/index-2.html]
[msrit.edu/centuriton.html]
[msrit.edu/news.html]
[msrit.edu/events.html]
[msrit.edu/js/secondary-nav.js]
[msrit.edu/gb/chairman.html]
[msrit.edu/gb/vice-chairman.html]
[msrit.edu/gb/secretary.html]
[msrit.edu/gb/principal-advisor.html]
[msrit.edu/gb/ce.html]
[msrit.edu/gb/principal.html]
[msrit.edu/governance.html]
[msrit.edu/gov-others.html]
[msrit.edu/support/sports.html]
[msrit.edu/support/nss.html]
[msrit.edu/support/deca.html]
[msrit.edu/support/edc.html]
[msrit.edu/support/cocurricular.html]
[msrit.edu/support/alumni.html]
[msrit.edu/support/apple_training.html]
[msrit.edu/support/TEQIP.html]
[msrit.edu/support/mandatory-committees.html]
[msrit.edu/support/proctorial-system.html]
[msrit.edu/placement.html]
[msrit.edu/examination.html]
[msrit.edu/MSRITdata/MSRIT.html]
[msrit.edu/fonts/glyphicons-halflings-regular.svg]
[msrit.edu/fonts/fontawesome-webfonte0a5.svg]
[msrit.edu/images/background/menu-arrow.html]
[msrit.edu/css/images/icons/loading.html]
[msrit.edu/fonts/gotham/Gotham-Blacklta_0.html]
[msrit.edu/images/background/bg-pattern.html]
[msrit.edu/images/background/tab-full-bg.html]
[msrit.edu/images/background/tab-transparent-bg1.html]
[msrit.edu/images/background/divider-shadow.html]
[msrit.edu/images/icons/1.html]
[msrit.edu/images/icons/2.html]
[msrit.edu/images/ramaiah-homepage-research-d.html]
[msrit.edu/css/MSRITdata/graphics/cursors_move_html5.html]
[msrit.edu/css/MSRITdata/graphics/cursors_drag_html5.html]
[msrit.edu/css/images/animated-overlay.html]
[msrit.edu/css/images/ui-bg_gloss-wave_35_f6a828_500x100.html]
[msrit.edu/css/images/ui-bg_glass_100_fdf5ce_1x400.html]
[msrit.edu/css/images/ui-bg_glass_65_ffffff_1x400.html]
[msrit.edu/css/images/ui-bg_highlight-soft_75_ffe45c_1x100.html]
[msrit.edu/css/images/ui-bg_diagonals-thick_18_b81900_40x40.html]
[msrit.edu/css/images/ui-icons_222222_256x240.html]
[msrit.edu/css/images/ui-icons_ffffff_256x240.html]
[msrit.edu/css/images/ui-icons_ef8c08_256x240.html]
[msrit.edu/css/images/ui-icons_228ef1_256x240.html]
[msrit.edu/css/images/ui-icons_ffd27a_256x240.html]
[msrit.edu/css/images/ui-bg_diagonals-thick_20_666666_40x40.html]
[msrit.edu/css/images/ui-bg_flat_10_000000_40x100.html]
[msrit.edu/css/bootstrap.css]
[msrit.edu/css/custom-list.css]
[msrit.edu/support/spdc.html]
[msrit.edu/img/star.png]
[msrit.edu/gb/chairman.html]
[msrit.edu/gb/vice-chairman.html]
[msrit.edu/gb/secretary.html]
[msrit.edu/gb/principal-advisor.html]
[msrit.edu/gb/ce.html]
[msrit.edu/gb/principal.html]
[msrit.edu/gov-others.html]
[msrit.edu/support/sports.html]
[msrit.edu/support/nss.html]
[msrit.edu/support/deca.html]
[msrit.edu/support/edc.html]
[msrit.edu/support/cocurricular.html]
[msrit.edu/support/alumni.html]
[msrit.edu/support/apple_training.html]
[msrit.edu/support/TEQIP.html]
[msrit.edu/support/mandatory-committees.html]
[msrit.edu/support/spdc.html]
